// Jest Snapshot v1, https://goo.gl/fbAQLP

exports[`<Header /> should render a div 1`] = `
<div>
  <a
    class="A-sc-1fll6u6-0 A-sc-1a1p3bd-0 kngHDa"
    href="https://www.reactboilerplate.com/"
  >
    <img
      alt="react-boilerplate - Logo"
      class="Img-o1ijxk-0 kwCUJc"
      src="IMAGE_MOCK"
    />
  </a>
  <div
    class="NavBar-sc-1okp6l7-0 eIPgde"
  >
    <a
      class="HeaderLink-sc-1imt239-0 dzFkmK"
      href="/"
    >
      <span>
        Home
      </span>
    </a>
    <a
      class="HeaderLink-sc-1imt239-0 dzFkmK"
      href="/features"
    >
      <span>
        Features
      </span>
    </a>
  </div>
</div>
`;
