// Jest Snapshot v1, https://goo.gl/fbAQLP

exports[`<HomePage /> should render and match the snapshot 1`] = `
<article>
  <div>
    <section
      class="Section-sc-1yt0cup-0 CenteredSection-kpq2u2-0 eWwSsG"
    >
      <h2
        class="H2-sc-1wdaebj-0 bzMfFd"
      >
        <span>
          Start your next react project in seconds
        </span>
      </h2>
      <p>
        <span>
          A highly scalable, offline-first foundation with the best DX and a focus on performance and best practices
        </span>
      </p>
    </section>
    <section
      class="Section-sc-1yt0cup-0 cQZIWK"
    >
      <h2
        class="H2-sc-1wdaebj-0 bzMfFd"
      >
        <span>
          Try me!
        </span>
      </h2>
      <form
        class="Form-sc-1digdus-0 icfPlM"
      >
        <label
          for="username"
        >
          <span>
            Show Github repositories by
          </span>
          <span
            class="AtPrefix-sc-1b3aasf-0 tjqaz"
          >
            <span>
              @
            </span>
          </span>
          <input
            class="Input-sc-1hrdpf-0 hcszVJ"
            id="username"
            placeholder="mxstbr"
            type="text"
            value=""
          />
        </label>
      </form>
      <div
        class="Wrapper-hz7923-0 UBZHj"
      >
        <ul
          class="Ul-sc-1cjq496-0 hxCRdj"
        />
      </div>
    </section>
  </div>
</article>
`;
