// Jest Snapshot v1, https://goo.gl/fbAQLP

exports[`Logout Form should match snapshot 1`] = `
<DocumentFragment>
  <div
    class="logoutForm"
  >
    <form>
      <div
        class="button-container"
      >
        <button
          type="submit"
        >
          Logout
        </button>
      </div>
    </form>
  </div>
</DocumentFragment>
`;
